Job started on: gnode085
My GPUs:
name, memory.total [MiB]
NVIDIA GeForce RTX 2080 Ti, 11264 MiB
NVIDIA GeForce RTX 2080 Ti, 11264 MiB
NVIDIA GeForce RTX 2080 Ti, 11264 MiB
NVIDIA GeForce RTX 2080 Ti, 11264 MiB
My CPUs: 10
Data already exists on this node's scratch. Skipping download.
Launching toy CLIP training on single GPU...
Loading config from: config/toy-clip.json
Setting seed...
Initialising wandb...
Using device: cuda
Setting up image transforms...
Initialising Flickr8k dataset...
Dataloader initialised: Found 8091 valid images.
Setting up train/test splits and dataloaders...
Initialising CLIP model...
CLIP model initialised successfully.
Loading ViT pretrained weights from ../vision_transformer/checkpoints/vit-cutmix.pt...
Successfully loaded pretrained ViT backbone from ../vision_transformer/checkpoints/vit-cutmix.pt
epoch: 1 | train_loss: 3.2976 | val_loss: 3.0432 | i2t_recall@1: 0.49 | t2i_recall@1: 0.12 | scale: 14.2505
Saved new best model with validation loss 3.0432
epoch: 2 | train_loss: 3.0513 | val_loss: 2.8987 | i2t_recall@1: 1.48 | t2i_recall@1: 0.87 | scale: 14.2221
Saved new best model with validation loss 2.8987
epoch: 3 | train_loss: 2.8618 | val_loss: 2.8120 | i2t_recall@1: 0.87 | t2i_recall@1: 1.24 | scale: 14.2015
Saved new best model with validation loss 2.8120
epoch: 4 | train_loss: 2.6735 | val_loss: 2.7500 | i2t_recall@1: 1.48 | t2i_recall@1: 1.73 | scale: 14.1726
Saved new best model with validation loss 2.7500
epoch: 5 | train_loss: 2.5384 | val_loss: 2.6543 | i2t_recall@1: 2.10 | t2i_recall@1: 2.10 | scale: 14.1523
Saved new best model with validation loss 2.6543
epoch: 6 | train_loss: 2.4029 | val_loss: 2.5459 | i2t_recall@1: 1.73 | t2i_recall@1: 1.85 | scale: 14.1344
Saved new best model with validation loss 2.5459
epoch: 7 | train_loss: 2.2524 | val_loss: 2.5801 | i2t_recall@1: 2.22 | t2i_recall@1: 2.10 | scale: 14.1212
epoch: 8 | train_loss: 2.1303 | val_loss: 2.5164 | i2t_recall@1: 2.84 | t2i_recall@1: 3.83 | scale: 14.1068
Saved new best model with validation loss 2.5164
epoch: 9 | train_loss: 2.0194 | val_loss: 2.5617 | i2t_recall@1: 2.22 | t2i_recall@1: 3.21 | scale: 14.0975
epoch: 10 | train_loss: 1.8519 | val_loss: 2.5283 | i2t_recall@1: 2.72 | t2i_recall@1: 3.09 | scale: 14.1046
epoch: 11 | train_loss: 1.7469 | val_loss: 2.5840 | i2t_recall@1: 3.21 | t2i_recall@1: 3.34 | scale: 14.0980
epoch: 12 | train_loss: 1.6049 | val_loss: 2.7172 | i2t_recall@1: 2.47 | t2i_recall@1: 2.47 | scale: 14.1062
epoch: 13 | train_loss: 1.5005 | val_loss: 2.5908 | i2t_recall@1: 2.10 | t2i_recall@1: 3.34 | scale: 14.1221
epoch: 14 | train_loss: 1.3444 | val_loss: 2.6619 | i2t_recall@1: 2.22 | t2i_recall@1: 4.08 | scale: 14.1649
epoch: 15 | train_loss: 1.2602 | val_loss: 2.7683 | i2t_recall@1: 2.84 | t2i_recall@1: 3.96 | scale: 14.2214
epoch: 16 | train_loss: 1.1159 | val_loss: 3.0739 | i2t_recall@1: 2.60 | t2i_recall@1: 4.57 | scale: 14.3021
epoch: 17 | train_loss: 1.0788 | val_loss: 2.9243 | i2t_recall@1: 3.83 | t2i_recall@1: 4.94 | scale: 14.3656
epoch: 18 | train_loss: 0.9725 | val_loss: 2.9514 | i2t_recall@1: 2.84 | t2i_recall@1: 2.47 | scale: 14.4632
epoch: 19 | train_loss: 0.9119 | val_loss: 2.9593 | i2t_recall@1: 2.72 | t2i_recall@1: 3.46 | scale: 14.5672
epoch: 20 | train_loss: 0.8438 | val_loss: 3.0863 | i2t_recall@1: 3.09 | t2i_recall@1: 3.71 | scale: 14.6757
Training complete. Running final evaluation on the held-out test set...
final i2t_recall@1 [test]: 2.22 | final t2i_recall@1 [test]: 2.47
Training completed successfully.
