+ module load u22/cuda/11.8
++ /usr/bin/tclsh8.6 /usr/lib/x86_64-linux-gnu/modulecmd.tcl sh load u22/cuda/11.8
+ eval 'LD_LIBRARY_PATH=/data3/u22/cuda-11.8/lib64;' export 'LD_LIBRARY_PATH;' 'PATH=/data3/u22/cuda-11.8/bin:/home2/sian/miniconda3/bin:/bin:/usr/local/bin:/usr/bin:/usr/local/sbin:/usr/sbin:/home2/sian/.local/bin:/home2/sian/bin;' export 'PATH;' '_LMFILES_=/opt/Modules/3.2.10/modulefiles/u22/cuda/11.8;' export '_LMFILES_;' 'LOADEDMODULES=u22/cuda/11.8;' export 'LOADEDMODULES;' test '0;'
++ LD_LIBRARY_PATH=/data3/u22/cuda-11.8/lib64
++ export LD_LIBRARY_PATH
++ PATH=/data3/u22/cuda-11.8/bin:/home2/sian/miniconda3/bin:/bin:/usr/local/bin:/usr/bin:/usr/local/sbin:/usr/sbin:/home2/sian/.local/bin:/home2/sian/bin
++ export PATH
++ _LMFILES_=/opt/Modules/3.2.10/modulefiles/u22/cuda/11.8
++ export _LMFILES_
++ LOADEDMODULES=u22/cuda/11.8
++ export LOADEDMODULES
++ test 0
+ _mlstatus=0
+ return 0
+ source /home2/sian/summer-project/vision-transformer/.venv/bin/activate
++ deactivate nondestructive
++ '[' -n '' ']'
++ '[' -n '' ']'
++ '[' -n /bin/bash -o -n '' ']'
++ hash -r
++ '[' -n '' ']'
++ unset VIRTUAL_ENV
++ unset VIRTUAL_ENV_PROMPT
++ '[' '!' nondestructive = nondestructive ']'
++ VIRTUAL_ENV=/home2/sian/summer-project/vision-transformer/.venv
++ export VIRTUAL_ENV
++ _OLD_VIRTUAL_PATH=/data3/u22/cuda-11.8/bin:/home2/sian/miniconda3/bin:/bin:/usr/local/bin:/usr/bin:/usr/local/sbin:/usr/sbin:/home2/sian/.local/bin:/home2/sian/bin
++ PATH=/home2/sian/summer-project/vision-transformer/.venv/bin:/data3/u22/cuda-11.8/bin:/home2/sian/miniconda3/bin:/bin:/usr/local/bin:/usr/bin:/usr/local/sbin:/usr/sbin:/home2/sian/.local/bin:/home2/sian/bin
++ export PATH
++ '[' -n '' ']'
++ '[' -z '' ']'
++ _OLD_VIRTUAL_PS1=
++ PS1='(.venv) '
++ export PS1
++ VIRTUAL_ENV_PROMPT='(.venv) '
++ export VIRTUAL_ENV_PROMPT
++ '[' -n /bin/bash -o -n '' ']'
++ hash -r
++ hostname
+ echo 'Job started on: gnode083'
+ echo 'My GPUs:'
+ nvidia-smi --query-gpu=name,memory.total --format=csv
+ nvidia-smi
++ nproc
+ echo 'My CPUs: 36'
+ echo 'Launching Baseline study on GPUs 0 and 1...'
+ echo 'Launching CutMix study on GPUs 2 and 3...'
+ CUDA_VISIBLE_DEVICES=0,1
+ torchrun --nproc_per_node=2 --master_port=44567 train.py --config config/baseline.json
+ wait
+ CUDA_VISIBLE_DEVICES=2,3
+ torchrun --nproc_per_node=2 --master_port=44568 train.py --config config/cutmix.json
+ echo 'All runs completed successfully.'
